server/serverHelpers/serverUtilities.ts(474,1): error TS1128: Declaration or statement expected.
